> Task :demo-java:preBuild UP-TO-DATE
> Task :demo-java:preDebugBuild UP-TO-DATE
> Task :demo-java:mergeDebugNativeDebugMetadata NO-SOURCE
> Task :demo-java:dataBindingMergeDependencyArtifactsDebug FAILED

[Incubating] Problems report is available at: file:///Users/enriquelopezmanas/Documents/android-places-demos/build/reports/problems/problems-report.html

FAILURE: Build failed with an exception.

* What went wrong:
Execution failed for task ':demo-java:dataBindingMergeDependencyArtifactsDebug'.
> Could not resolve all dependencies for configuration ':demo-java:debugCompileClasspath'.
   > Configuration `:demo-java:debugRuntimeClasspath` contains AndroidX dependencies, but the `android.useAndroidX` property is not enabled, which may cause runtime issues.
     Set `android.useAndroidX=true` in the `gradle.properties` file and retry.
     The following AndroidX dependencies are detected:
     :demo-java:debugRuntimeClasspath -> androidx.constraintlayout:constraintlayout:2.2.1
     :demo-java:debugRuntimeClasspath -> androidx.appcompat:appcompat:1.7.1
     :demo-java:debugRuntimeClasspath -> androidx.activity:activity:1.12.4
     :demo-java:debugRuntimeClasspath -> androidx.navigation:navigation-fragment:2.9.5 -> androidx.navigation:navigation-runtime:2.9.5 -> androidx.navigation:navigation-runtime-android:2.9.5 -> androidx.navigation:navigation-common:2.9.5 -> androidx.navigation:navigation-common-android:2.9.5 -> androidx.annotation:annotation:1.9.1
     :demo-java:debugRuntimeClasspath -> androidx.navigation:navigation-fragment:2.9.5 -> androidx.navigation:navigation-runtime:2.9.5 -> androidx.navigation:navigation-runtime-android:2.9.5 -> androidx.navigation:navigation-common:2.9.5 -> androidx.navigation:navigation-common-android:2.9.5 -> androidx.annotation:annotation:1.9.1 -> androidx.annotation:annotation-jvm:1.9.1
     :demo-java:debugRuntimeClasspath -> androidx.navigation:navigation-fragment:2.9.5 -> androidx.navigation:navigation-common:2.9.5 -> androidx.navigation:navigation-common-android:2.9.5 -> androidx.navigation:navigation-runtime:2.9.5 -> androidx.navigation:navigation-runtime-android:2.9.5 -> androidx.core:core-ktx:1.17.0
     :demo-java:debugRuntimeClasspath -> com.google.android.material:material:1.13.0 -> androidx.core:core:1.17.0
     :demo-java:debugRuntimeClasspath -> androidx.navigation:navigation-fragment:2.9.5 -> androidx.navigation:navigation-common:2.9.5 -> androidx.navigation:navigation-common-android:2.9.5 -> androidx.navigation:navigation-runtime:2.9.5 -> androidx.navigation:navigation-runtime-android:2.9.5 -> androidx.annotation:annotation-experimental:1.4.1
     :demo-java:debugRuntimeClasspath -> androidx.navigation:navigation-fragment:2.9.5 -> androidx.navigation:navigation-common:2.9.5 -> androidx.navigation:navigation-common-android:2.9.5 -> androidx.navigation:navigation-runtime:2.9.5 -> androidx.navigation:navigation-runtime-android:2.9.5 -> androidx.collection:collection:1.4.2
     :demo-java:debugRuntimeClasspath -> androidx.navigation:navigation-fragment:2.9.5 -> androidx.navigation:navigation-common:2.9.5 -> androidx.navigation:navigation-common-android:2.9.5 -> androidx.navigation:navigation-runtime:2.9.5 -> androidx.navigation:navigation-runtime-android:2.9.5 -> androidx.collection:collection:1.4.2 -> androidx.collection:collection-jvm:1.4.2
     :demo-java:debugRuntimeClasspath -> androidx.navigation:navigation-fragment:2.9.5 -> androidx.fragment:fragment-ktx:1.8.9 -> androidx.collection:collection-ktx:1.4.2
     :demo-java:debugRuntimeClasspath -> com.google.android.material:material:1.13.0 -> androidx.core:core:1.17.0 -> androidx.concurrent:concurrent-futures:1.1.0
     :demo-java:debugRuntimeClasspath -> androidx.activity:activity:1.12.4 -> androidx.navigationevent:navigationevent:1.0.2 -> androidx.navigationevent:navigationevent-android:1.0.2 -> androidx.core:core-viewtree:1.0.0
     :demo-java:debugRuntimeClasspath -> androidx.appcompat:appcompat:1.7.1 -> androidx.appcompat:appcompat-resources:1.7.1 -> androidx.vectordrawable:vectordrawable-animated:1.1.0 -> androidx.interpolator:interpolator:1.0.0
     :demo-java:debugRuntimeClasspath -> androidx.navigation:navigation-fragment:2.9.5 -> androidx.navigation:navigation-common:2.9.5 -> androidx.navigation:navigation-common-android:2.9.5 -> androidx.navigation:navigation-runtime:2.9.5 -> androidx.navigation:navigation-runtime-android:2.9.5 -> androidx.lifecycle:lifecycle-common:2.9.0
     :demo-java:debugRuntimeClasspath -> androidx.navigation:navigation-fragment:2.9.5 -> androidx.navigation:navigation-common:2.9.5 -> androidx.navigation:navigation-common-android:2.9.5 -> androidx.navigation:navigation-runtime:2.9.5 -> androidx.navigation:navigation-runtime-android:2.9.5 -> androidx.lifecycle:lifecycle-common:2.9.0 -> androidx.lifecycle:lifecycle-common-jvm:2.9.0
     :demo-java:debugRuntimeClasspath -> androidx.fragment:fragment:1.8.9
     :demo-java:debugRuntimeClasspath -> androidx.navigation:navigation-fragment:2.9.5 -> androidx.lifecycle:lifecycle-livedata-core:2.9.0
     :demo-java:debugRuntimeClasspath -> androidx.navigation:navigation-fragment:2.9.5 -> androidx.lifecycle:lifecycle-livedata-core:2.9.0 -> androidx.arch.core:core-common:2.2.0
     :demo-java:debugRuntimeClasspath -> androidx.navigation:navigation-fragment:2.9.5 -> androidx.lifecycle:lifecycle-livedata-core:2.9.0 -> androidx.arch.core:core-runtime:2.2.0
     :demo-java:debugRuntimeClasspath -> androidx.fragment:fragment:1.8.9 -> androidx.loader:loader:1.0.0 -> androidx.lifecycle:lifecycle-livedata:2.9.0
     :demo-java:debugRuntimeClasspath -> androidx.navigation:navigation-fragment:2.9.5 -> androidx.fragment:fragment-ktx:1.8.9 -> androidx.lifecycle:lifecycle-livedata-core-ktx:2.9.0
     :demo-java:debugRuntimeClasspath -> androidx.appcompat:appcompat:1.7.1 -> androidx.emoji2:emoji2:1.3.0 -> androidx.lifecycle:lifecycle-process:2.9.0
     :demo-java:debugRuntimeClasspath -> androidx.navigation:navigation-fragment:2.9.5 -> androidx.navigation:navigation-common:2.9.5 -> androidx.navigation:navigation-common-android:2.9.5 -> androidx.navigation:navigation-runtime:2.9.5 -> androidx.navigation:navigation-runtime-android:2.9.5 -> androidx.lifecycle:lifecycle-runtime:2.9.0
     :demo-java:debugRuntimeClasspath -> androidx.navigation:navigation-fragment:2.9.5 -> androidx.navigation:navigation-common:2.9.5 -> androidx.navigation:navigation-common-android:2.9.5 -> androidx.navigation:navigation-runtime:2.9.5 -> androidx.navigation:navigation-runtime-android:2.9.5 -> androidx.lifecycle:lifecycle-runtime:2.9.0 -> androidx.lifecycle:lifecycle-runtime-android:2.9.0
     :demo-java:debugRuntimeClasspath -> androidx.navigation:navigation-fragment:2.9.5 -> androidx.navigation:navigation-runtime:2.9.5 -> androidx.navigation:navigation-runtime-android:2.9.5 -> androidx.navigation:navigation-common:2.9.5 -> androidx.navigation:navigation-common-android:2.9.5 -> androidx.profileinstaller:profileinstaller:1.4.0
     :demo-java:debugRuntimeClasspath -> com.google.maps.android:android-maps-utils:4.1.0 -> androidx.startup:startup-runtime:1.2.0
     :demo-java:debugRuntimeClasspath -> com.github.bumptech.glide:glide:5.0.5 -> androidx.tracing:tracing:1.2.0
     :demo-java:debugRuntimeClasspath -> androidx.navigation:navigation-fragment:2.9.5 -> androidx.navigation:navigation-common:2.9.5 -> androidx.navigation:navigation-common-android:2.9.5 -> androidx.navigation:navigation-runtime:2.9.5 -> androidx.navigation:navigation-runtime-android:2.9.5 -> androidx.lifecycle:lifecycle-runtime-ktx:2.9.0
     :demo-java:debugRuntimeClasspath -> androidx.navigation:navigation-fragment:2.9.5 -> androidx.navigation:navigation-common:2.9.5 -> androidx.navigation:navigation-common-android:2.9.5 -> androidx.navigation:navigation-runtime:2.9.5 -> androidx.navigation:navigation-runtime-android:2.9.5 -> androidx.lifecycle:lifecycle-runtime-ktx:2.9.0 -> androidx.lifecycle:lifecycle-runtime-ktx-android:2.9.0
     :demo-java:debugRuntimeClasspath -> androidx.navigation:navigation-fragment:2.9.5 -> androidx.navigation:navigation-common:2.9.5 -> androidx.navigation:navigation-common-android:2.9.5 -> androidx.navigation:navigation-runtime:2.9.5 -> androidx.navigation:navigation-runtime-android:2.9.5 -> androidx.lifecycle:lifecycle-viewmodel:2.9.0
     :demo-java:debugRuntimeClasspath -> androidx.navigation:navigation-fragment:2.9.5 -> androidx.navigation:navigation-common:2.9.5 -> androidx.navigation:navigation-common-android:2.9.5 -> androidx.navigation:navigation-runtime:2.9.5 -> androidx.navigation:navigation-runtime-android:2.9.5 -> androidx.lifecycle:lifecycle-viewmodel:2.9.0 -> androidx.lifecycle:lifecycle-viewmodel-android:2.9.0
     :demo-java:debugRuntimeClasspath -> androidx.navigation:navigation-fragment:2.9.5 -> androidx.navigation:navigation-common:2.9.5 -> androidx.navigation:navigation-common-android:2.9.5 -> androidx.navigation:navigation-runtime:2.9.5 -> androidx.navigation:navigation-runtime-android:2.9.5 -> androidx.lifecycle:lifecycle-viewmodel-ktx:2.9.0
     :demo-java:debugRuntimeClasspath -> androidx.navigation:navigation-fragment:2.9.5 -> androidx.navigation:navigation-runtime:2.9.5 -> androidx.navigation:navigation-runtime-android:2.9.5 -> androidx.navigation:navigation-common:2.9.5 -> androidx.navigation:navigation-common-android:2.9.5 -> androidx.lifecycle:lifecycle-viewmodel-savedstate:2.9.0
     :demo-java:debugRuntimeClasspath -> androidx.navigation:navigation-fragment:2.9.5 -> androidx.navigation:navigation-runtime:2.9.5 -> androidx.navigation:navigation-runtime-android:2.9.5 -> androidx.navigation:navigation-common:2.9.5 -> androidx.navigation:navigation-common-android:2.9.5 -> androidx.lifecycle:lifecycle-viewmodel-savedstate:2.9.0 -> androidx.lifecycle:lifecycle-viewmodel-savedstate-android:2.9.0
     :demo-java:debugRuntimeClasspath -> androidx.navigation:navigation-fragment:2.9.5 -> androidx.navigation:navigation-runtime:2.9.5 -> androidx.navigation:navigation-runtime-android:2.9.5 -> androidx.navigation:navigation-common:2.9.5 -> androidx.navigation:navigation-common-android:2.9.5 -> androidx.savedstate:savedstate:1.3.0
     :demo-java:debugRuntimeClasspath -> androidx.navigation:navigation-fragment:2.9.5 -> androidx.navigation:navigation-runtime:2.9.5 -> androidx.navigation:navigation-runtime-android:2.9.5 -> androidx.navigation:navigation-common:2.9.5 -> androidx.navigation:navigation-common-android:2.9.5 -> androidx.savedstate:savedstate:1.3.0 -> androidx.savedstate:savedstate-android:1.3.0
     :demo-java:debugRuntimeClasspath -> androidx.navigation:navigation-fragment:2.9.5 -> androidx.fragment:fragment-ktx:1.8.9 -> androidx.savedstate:savedstate-ktx:1.3.0
     :demo-java:debugRuntimeClasspath -> androidx.fragment:fragment:1.8.9 -> androidx.loader:loader:1.0.0
     :demo-java:debugRuntimeClasspath -> androidx.fragment:fragment:1.8.9 -> androidx.viewpager:viewpager:1.0.0
     :demo-java:debugRuntimeClasspath -> androidx.navigation:navigation-ui:2.9.5 -> androidx.customview:customview:1.1.0
     :demo-java:debugRuntimeClasspath -> androidx.navigation:navigation-fragment:2.9.5 -> androidx.fragment:fragment-ktx:1.8.9
     :demo-java:debugRuntimeClasspath -> androidx.navigation:navigation-fragment:2.9.5 -> androidx.navigation:navigation-common:2.9.5 -> androidx.navigation:navigation-common-android:2.9.5 -> androidx.navigation:navigation-runtime:2.9.5 -> androidx.navigation:navigation-runtime-android:2.9.5 -> androidx.activity:activity-ktx:1.12.4
     :demo-java:debugRuntimeClasspath -> com.google.android.material:material:1.13.0 -> androidx.core:core:1.17.0 -> androidx.versionedparcelable:versionedparcelable:1.1.1
     :demo-java:debugRuntimeClasspath -> androidx.activity:activity:1.12.4 -> androidx.navigationevent:navigationevent:1.0.2
     :demo-java:debugRuntimeClasspath -> androidx.activity:activity:1.12.4 -> androidx.navigationevent:navigationevent:1.0.2 -> androidx.navigationevent:navigationevent-android:1.0.2
     :demo-java:debugRuntimeClasspath -> androidx.activity:activity:1.12.4 -> androidx.navigationevent:navigationevent:1.0.2 -> androidx.navigationevent:navigationevent-android:1.0.2 -> androidx.compose.runtime:runtime-annotation:1.9.0
     :demo-java:debugRuntimeClasspath -> androidx.activity:activity:1.12.4 -> androidx.navigationevent:navigationevent:1.0.2 -> androidx.navigationevent:navigationevent-android:1.0.2 -> androidx.compose.runtime:runtime-annotation:1.9.0 -> androidx.compose.runtime:runtime-annotation-android:1.9.0
     :demo-java:debugRuntimeClasspath -> androidx.appcompat:appcompat:1.7.1 -> androidx.appcompat:appcompat-resources:1.7.1
     :demo-java:debugRuntimeClasspath -> com.google.android.material:material:1.13.0 -> androidx.vectordrawable:vectordrawable:1.1.0
     :demo-java:debugRuntimeClasspath -> androidx.appcompat:appcompat:1.7.1 -> androidx.appcompat:appcompat-resources:1.7.1 -> androidx.vectordrawable:vectordrawable-animated:1.1.0
     :demo-java:debugRuntimeClasspath -> androidx.appcompat:appcompat:1.7.1 -> androidx.cursoradapter:cursoradapter:1.0.0
     :demo-java:debugRuntimeClasspath -> androidx.navigation:navigation-ui:2.9.5 -> androidx.drawerlayout:drawerlayout:1.1.1
     :demo-java:debugRuntimeClasspath -> androidx.appcompat:appcompat:1.7.1 -> androidx.emoji2:emoji2:1.3.0
     :demo-java:debugRuntimeClasspath -> androidx.appcompat:appcompat:1.7.1 -> androidx.emoji2:emoji2-views-helper:1.3.0
     :demo-java:debugRuntimeClasspath -> com.google.android.material:material:1.13.0 -> androidx.resourceinspection:resourceinspection-annotation:1.0.1
     :demo-java:debugRuntimeClasspath -> androidx.constraintlayout:constraintlayout:2.2.1 -> androidx.constraintlayout:constraintlayout-core:1.1.1
     :demo-java:debugRuntimeClasspath -> androidx.navigation:navigation-fragment:2.9.5
     :demo-java:debugRuntimeClasspath -> androidx.navigation:navigation-fragment:2.9.5 -> androidx.navigation:navigation-runtime:2.9.5 -> androidx.navigation:navigation-runtime-android:2.9.5 -> androidx.navigation:navigation-common:2.9.5
     :demo-java:debugRuntimeClasspath -> androidx.navigation:navigation-fragment:2.9.5 -> androidx.navigation:navigation-runtime:2.9.5 -> androidx.navigation:navigation-runtime-android:2.9.5 -> androidx.navigation:navigation-common:2.9.5 -> androidx.navigation:navigation-common-android:2.9.5
     :demo-java:debugRuntimeClasspath -> androidx.navigation:navigation-fragment:2.9.5 -> androidx.navigation:navigation-common:2.9.5 -> androidx.navigation:navigation-common-android:2.9.5 -> androidx.navigation:navigation-runtime:2.9.5
     :demo-java:debugRuntimeClasspath -> androidx.navigation:navigation-fragment:2.9.5 -> androidx.navigation:navigation-common:2.9.5 -> androidx.navigation:navigation-common-android:2.9.5 -> androidx.navigation:navigation-runtime:2.9.5 -> androidx.navigation:navigation-runtime-android:2.9.5
     :demo-java:debugRuntimeClasspath -> androidx.navigation:navigation-ui:2.9.5
     :demo-java:debugRuntimeClasspath -> androidx.navigation:navigation-ui:2.9.5 -> androidx.coordinatorlayout:coordinatorlayout:1.1.0
     :demo-java:debugRuntimeClasspath -> androidx.navigation:navigation-ui:2.9.5 -> androidx.transition:transition:1.5.0
     :demo-java:debugRuntimeClasspath -> com.google.android.material:material:1.13.0 -> androidx.dynamicanimation:dynamicanimation:1.1.0
     :demo-java:debugRuntimeClasspath -> com.google.android.material:material:1.13.0
     :demo-java:debugRuntimeClasspath -> com.google.android.libraries.places:places:5.1.1 -> androidx.cardview:cardview:1.0.0
     :demo-java:debugRuntimeClasspath -> com.google.android.libraries.places:places:5.1.1 -> androidx.recyclerview:recyclerview:1.3.2
     :demo-java:debugRuntimeClasspath -> com.google.android.libraries.places:places:5.1.1 -> androidx.recyclerview:recyclerview:1.3.2 -> androidx.customview:customview-poolingcontainer:1.0.0
     :demo-java:debugRuntimeClasspath -> com.google.android.libraries.places:places:5.1.1 -> androidx.viewpager2:viewpager2:1.1.0
     :demo-java:debugRuntimeClasspath -> com.google.android.material:material:1.13.0 -> androidx.graphics:graphics-shapes:1.0.1
     :demo-java:debugRuntimeClasspath -> com.google.android.material:material:1.13.0 -> androidx.graphics:graphics-shapes:1.0.1 -> androidx.graphics:graphics-shapes-android:1.0.1
     :demo-java:debugRuntimeClasspath -> androidx.navigation:navigation-fragment:2.9.5 -> androidx.slidingpanelayout:slidingpanelayout:1.2.0
     :demo-java:debugRuntimeClasspath -> androidx.navigation:navigation-fragment:2.9.5 -> androidx.slidingpanelayout:slidingpanelayout:1.2.0 -> androidx.window:window:1.0.0
     :demo-java:debugRuntimeClasspath -> com.google.android.libraries.places:places:5.1.1 -> androidx.exifinterface:exifinterface:1.3.6
     :demo-java:debugRuntimeClasspath -> androidx.multidex:multidex:2.0.1

* Try:
> Run with --stacktrace option to get the stack trace.
> Run with --info or --debug option to get more log output.
> Run with --scan to generate a Build Scan (Powered by Develocity).
> Get more help at https://help.gradle.org.

Deprecated Gradle features were used in this build, making it incompatible with Gradle 10.

You can use '--warning-mode all' to show the individual deprecation warnings and determine if they come from your own scripts or plugins.

For more on this, please refer to https://docs.gradle.org/9.1.0/userguide/command_line_interface.html#sec:command_line_warnings in the Gradle documentation.

BUILD FAILED in 1s
1 actionable task: 1 executed
